
===========================================================================
PDF: 6368
===========================================================================

VARIABLE                          seed0    seed1    seed2    seed3     seed4
---------------------------------------------------------------------------
NACCAMY                               2        2        2        2         2
NACCARTE                              2        2        2        2         2
NACCAVAS                              2        2        2        2         2
NACCBRAA                              3        3        3        3         3
NACCBRNN                              0        0        0        0         0
NACCCBD                               0        0        0        0         0
NACCDIFF                              3        3        3        3         3
NACCHEM                               0        0        0        0         0
NACCINF                               0        0        0        0         0
NACCLEWY                              0        0        0        0         0
NACCNEUR                              0        3        0        0         3
NACCPICK                              0        0        0        0         0
NACCPRIO                              0        0        0        0         0
NACCPROG                              0        0        0        0         0
NACCVASC                              0        0        0        0         0
NPADNC                                2        2        2        2         2
NPCAD                                 1        1        1        1         1
NPCLEWY                               1        1        1        1         1
NPCVASC                               1        1        1        1         1
NPFIX                              None     None     None     None      None
NPFIXX                             None     None     None     None      None
NPFTDTDP                              1        1        1        1         1
NPGRCCA                               2        1        1        1         1
NPGRHA                                2        2        2        2         2
NPGRLA                                0        0        0        0         0
NPGRLCH                               0        0        0        0         0
NPGRSNH                               1        1        1        1         1
NPHEM                                 2        2        2        2         2
NPHIPSCL                              0        0        0        0         0
NPLAC                                 2        2        2        2         2
NPLBOD                                0        0        0        0         0
NPLINF                                2        2        2        2         2
NPNLOSS                               2        2        2        2         2
NPPAD                                 2        2        2        2         2
NPPFTLD                               2        2        2        2         2
NPPLEWY                               2        2        2        2         2
NPPMIH                             99.9     99.9     99.9     99.9      99.9
NPPVASC                               2        2        2        2         2
NPSEX                              None     None     None     None      None
NPTHAL                                3        3        3        3         3
NPWBRF                                1        1        1        1         1
NPWBRWT                           991.7    991.7    991.7    991.7     991.7
NPWMR                                 2        2        2        2         2

                             CONSISTENCY TABLE                             
---------------------------------------------------------------------------
VARIABLE                       CONSISTENCY
---------------------------------------------------------------------------
NACCAMY                        100% -> 2
NACCARTE                       100% -> 2
NACCAVAS                       100% -> 2
NACCBRAA                       100% -> 3
NACCBRNN                       100% -> 0
NACCCBD                        100% -> 0
NACCDIFF                       100% -> 3
NACCHEM                        100% -> 0
NACCINF                        100% -> 0
NACCLEWY                       100% -> 0
NACCNEUR                       60% -> 0
NACCPICK                       100% -> 0
NACCPRIO                       100% -> 0
NACCPROG                       100% -> 0
NACCVASC                       100% -> 0
NPADNC                         100% -> 2
NPCAD                          100% -> 1
NPCLEWY                        100% -> 1
NPCVASC                        100% -> 1
NPFIX                          N/A (all null)
NPFIXX                         N/A (all null)
NPFTDTDP                       100% -> 1
NPGRCCA                        80% -> 1
NPGRHA                         100% -> 2
NPGRLA                         100% -> 0
NPGRLCH                        100% -> 0
NPGRSNH                        100% -> 1
NPHEM                          100% -> 2
NPHIPSCL                       100% -> 0
NPLAC                          100% -> 2
NPLBOD                         100% -> 0
NPLINF                         100% -> 2
NPNLOSS                        100% -> 2
NPPAD                          100% -> 2
NPPFTLD                        100% -> 2
NPPLEWY                        100% -> 2
NPPMIH                         100% -> 99.9
NPPVASC                        100% -> 2
NPSEX                          N/A (all null)
NPTHAL                         100% -> 3
NPWBRF                         100% -> 1
NPWBRWT                        100% -> 991.7
NPWMR                          100% -> 2

===========================================================================
PDF: 6384
===========================================================================

VARIABLE                          seed0    seed1    seed2    seed3     seed4
---------------------------------------------------------------------------
NACCAMY                               0        0        0        0         0
NACCARTE                              1        1        1        1         1
NACCAVAS                              0        0        0        0         0
NACCBRAA                              0        0        0        0         0
NACCBRNN                              0        0        0        0         0
NACCCBD                               0        0        0        0         0
NACCDIFF                              0        0        0        0         0
NACCHEM                               0        0        0        0         0
NACCINF                               0        0        0        0         0
NACCLEWY                              4        2        4        0         2
NACCNEUR                              0        0        0        0         0
NACCPICK                              0        0        0        0         0
NACCPRIO                              0        0        0        0         0
NACCPROG                              0        0        0        0         0
NACCVASC                              0        0        0        0         0
NPADNC                                0        0        0        0         0
NPCAD                                 1        1        1        1         1
NPCLEWY                               1        1        1        1         1
NPCVASC                               1        1        1        1         1
NPFIX                                 1        1        1        1         1
NPFIXX                             None     None     None     None      None
NPFTDTDP                              1        1        1        1         1
NPGRCCA                               3        3        3        3         3
NPGRHA                                3        3        3        3         3
NPGRLA                                1        1        1        1         1
NPGRLCH                               2        2        2        2         2
NPGRSNH                               2        2        2        2         2
NPHEM                                 2        2        2        2         2
NPHIPSCL                              3        2        3        3         2
NPLAC                                 2        2        2        2         2
NPLBOD                                4        2        4        0         2
NPLINF                                2        2        2        2         2
NPNLOSS                               3        3        3        3         3
NPPAD                                 2        2        2        2         2
NPPFTLD                               1        1        1        1         1
NPPLEWY                               2        2        2        2         2
NPPMIH                              0.0      0.0      0.0      0.0       0.0
NPPVASC                               2        2        2        2         2
NPSEX                                 2        2        2        2         2
NPTHAL                                0        0        0        0         0
NPWBRF                                1        1        1        1         1
NPWBRWT                          1114.6   1114.6   1114.6   1114.6    1114.6
NPWMR                                 3        3        3        3         3

                             CONSISTENCY TABLE                             
---------------------------------------------------------------------------
VARIABLE                       CONSISTENCY
---------------------------------------------------------------------------
NACCAMY                        100% -> 0
NACCARTE                       100% -> 1
NACCAVAS                       100% -> 0
NACCBRAA                       100% -> 0
NACCBRNN                       100% -> 0
NACCCBD                        100% -> 0
NACCDIFF                       100% -> 0
NACCHEM                        100% -> 0
NACCINF                        100% -> 0
NACCLEWY                       40% -> TIE [2, 4]
NACCNEUR                       100% -> 0
NACCPICK                       100% -> 0
NACCPRIO                       100% -> 0
NACCPROG                       100% -> 0
NACCVASC                       100% -> 0
NPADNC                         100% -> 0
NPCAD                          100% -> 1
NPCLEWY                        100% -> 1
NPCVASC                        100% -> 1
NPFIX                          100% -> 1
NPFIXX                         N/A (all null)
NPFTDTDP                       100% -> 1
NPGRCCA                        100% -> 3
NPGRHA                         100% -> 3
NPGRLA                         100% -> 1
NPGRLCH                        100% -> 2
NPGRSNH                        100% -> 2
NPHEM                          100% -> 2
NPHIPSCL                       60% -> 3
NPLAC                          100% -> 2
NPLBOD                         40% -> TIE [2, 4]
NPLINF                         100% -> 2
NPNLOSS                        100% -> 3
NPPAD                          100% -> 2
NPPFTLD                        100% -> 1
NPPLEWY                        100% -> 2
NPPMIH                         100% -> 0.0
NPPVASC                        100% -> 2
NPSEX                          100% -> 2
NPTHAL                         100% -> 0
NPWBRF                         100% -> 1
NPWBRWT                        100% -> 1114.6
NPWMR                          100% -> 3

===========================================================================
PDF: 6472
===========================================================================

VARIABLE                          seed0    seed1    seed2    seed3     seed4
---------------------------------------------------------------------------
NACCAMY                               3        3        3        3         3
NACCARTE                              2        2        2        2         2
NACCAVAS                              0        0        0        0         0
NACCBRAA                              6        6        6        6         6
NACCBRNN                              0        0        0        0         0
NACCCBD                               1        1        1        1         1
NACCDIFF                              3        3        3        3         3
NACCHEM                               0        0        0        0         0
NACCINF                               0        0        0        0         0
NACCLEWY                              3        3        3        3         3
NACCNEUR                              3        3        3        3         3
NACCPICK                              0        0        0        0         0
NACCPRIO                              0        0        0        0         0
NACCPROG                              0        0        0        0         0
NACCVASC                              0        0        0        0         0
NPADNC                                3        3        3        3         3
NPCAD                                 1        1        1        1         1
NPCLEWY                               1        1        1        1         1
NPCVASC                               1        1        1        1         1
NPFIX                                 1        1        1        1         1
NPFIXX                         formalin formalin formalin formalin  formalin
NPFTDTDP                              1        1        1        1         1
NPGRCCA                               3        3        3        3         3
NPGRHA                                3        3        3        3         3
NPGRLA                                1        1        1        1         1
NPGRLCH                               3        3        3        3         3
NPGRSNH                               3        3        3        3         3
NPHEM                                 2        2        2        2         2
NPHIPSCL                              2        2        2        2         2
NPLAC                                 2        2        2        2         2
NPLBOD                                3        3        3        3         3
NPLINF                                2        2        2        2         2
NPNLOSS                               3        3        3        3         3
NPPAD                                 2        2        2        2         2
NPPFTLD                               2        2        2        2         2
NPPLEWY                               2        2        2        2         2
NPPMIH                             17.0     17.0     17.0     17.0      17.0
NPPVASC                               2        2        2        2         2
NPSEX                                 2        2        2        2         2
NPTHAL                                5        5        5        5         5
NPWBRF                                1        1        1        1         1
NPWBRWT                          1005.8   1005.8   1005.8   1005.8    1005.8
NPWMR                                 3        3        3        3         3

                             CONSISTENCY TABLE                             
---------------------------------------------------------------------------
VARIABLE                       CONSISTENCY
---------------------------------------------------------------------------
NACCAMY                        100% -> 3
NACCARTE                       100% -> 2
NACCAVAS                       100% -> 0
NACCBRAA                       100% -> 6
NACCBRNN                       100% -> 0
NACCCBD                        100% -> 1
NACCDIFF                       100% -> 3
NACCHEM                        100% -> 0
NACCINF                        100% -> 0
NACCLEWY                       100% -> 3
NACCNEUR                       100% -> 3
NACCPICK                       100% -> 0
NACCPRIO                       100% -> 0
NACCPROG                       100% -> 0
NACCVASC                       100% -> 0
NPADNC                         100% -> 3
NPCAD                          100% -> 1
NPCLEWY                        100% -> 1
NPCVASC                        100% -> 1
NPFIX                          100% -> 1
NPFIXX                         100% -> formalin
NPFTDTDP                       100% -> 1
NPGRCCA                        100% -> 3
NPGRHA                         100% -> 3
NPGRLA                         100% -> 1
NPGRLCH                        100% -> 3
NPGRSNH                        100% -> 3
NPHEM                          100% -> 2
NPHIPSCL                       100% -> 2
NPLAC                          100% -> 2
NPLBOD                         100% -> 3
NPLINF                         100% -> 2
NPNLOSS                        100% -> 3
NPPAD                          100% -> 2
NPPFTLD                        100% -> 2
NPPLEWY                        100% -> 2
NPPMIH                         100% -> 17.0
NPPVASC                        100% -> 2
NPSEX                          100% -> 2
NPTHAL                         100% -> 5
NPWBRF                         100% -> 1
NPWBRWT                        100% -> 1005.8
NPWMR                          100% -> 3

===========================================================================
PDF: 6473
===========================================================================

VARIABLE                          seed0    seed1    seed2    seed3     seed4
---------------------------------------------------------------------------
NACCAMY                               0        0        0        0         0
NACCARTE                              2        2        2        2         2
NACCAVAS                              2        2        2        2         2
NACCBRAA                              2        2        2        2         2
NACCBRNN                              0        0        0        0         0
NACCCBD                               0        0        0        0         0
NACCDIFF                              0        0        0        0         0
NACCHEM                               0        0        0        0         0
NACCINF                               0        0        0        0         0
NACCLEWY                              0        0        0        0         0
NACCNEUR                              0        0        0        0         0
NACCPICK                              0        0        0        0         0
NACCPRIO                              0        0        0        0         0
NACCPROG                              0        0        0        0         0
NACCVASC                              0        0        0        0         0
NPADNC                                0        0        0        0         0
NPCAD                                 1        1        1        1         1
NPCLEWY                               2        2        2        2         2
NPCVASC                               1        1        1        1         1
NPFIX                                 1        1        1        1         1
NPFIXX                             None     None     None     None      None
NPFTDTDP                              1        1        0        0         0
NPGRCCA                               2        2        2        2         2
NPGRHA                                2        2        2        2         2
NPGRLA                                1        1        1        1         1
NPGRLCH                               2        2        2        2         2
NPGRSNH                               2        2        2        2         2
NPHEM                                 2        2        2        2         2
NPHIPSCL                              2        2        2        2         2
NPLAC                                 2        2        2        2         2
NPLBOD                                0        0        0        0         0
NPLINF                                2        2        2        2         2
NPNLOSS                               2        2        2        2         2
NPPAD                                 2        2        2        2         2
NPPFTLD                               2        2        2        2         2
NPPLEWY                               2        2        2        2         2
NPPMIH                             96.0     96.0     96.0     96.0      96.0
NPPVASC                               1        1        1        1         1
NPSEX                                 2        2        2        2         2
NPTHAL                                0        0        0        0         0
NPWBRF                                1        1        1        1         1
NPWBRWT                          1219.2   1219.2   1219.2   1219.2    1219.2
NPWMR                                 2        2        2        2         2

                             CONSISTENCY TABLE                             
---------------------------------------------------------------------------
VARIABLE                       CONSISTENCY
---------------------------------------------------------------------------
NACCAMY                        100% -> 0
NACCARTE                       100% -> 2
NACCAVAS                       100% -> 2
NACCBRAA                       100% -> 2
NACCBRNN                       100% -> 0
NACCCBD                        100% -> 0
NACCDIFF                       100% -> 0
NACCHEM                        100% -> 0
NACCINF                        100% -> 0
NACCLEWY                       100% -> 0
NACCNEUR                       100% -> 0
NACCPICK                       100% -> 0
NACCPRIO                       100% -> 0
NACCPROG                       100% -> 0
NACCVASC                       100% -> 0
NPADNC                         100% -> 0
NPCAD                          100% -> 1
NPCLEWY                        100% -> 2
NPCVASC                        100% -> 1
NPFIX                          100% -> 1
NPFIXX                         N/A (all null)
NPFTDTDP                       60% -> 0
NPGRCCA                        100% -> 2
NPGRHA                         100% -> 2
NPGRLA                         100% -> 1
NPGRLCH                        100% -> 2
NPGRSNH                        100% -> 2
NPHEM                          100% -> 2
NPHIPSCL                       100% -> 2
NPLAC                          100% -> 2
NPLBOD                         100% -> 0
NPLINF                         100% -> 2
NPNLOSS                        100% -> 2
NPPAD                          100% -> 2
NPPFTLD                        100% -> 2
NPPLEWY                        100% -> 2
NPPMIH                         100% -> 96.0
NPPVASC                        100% -> 1
NPSEX                          100% -> 2
NPTHAL                         100% -> 0
NPWBRF                         100% -> 1
NPWBRWT                        100% -> 1219.2
NPWMR                          100% -> 2

===========================================================================
DONE
===========================================================================